
Discarded input sections

 .text          0x0000000000000000        0x0 CMakeFiles/app.dir/main.c.o
 .data          0x0000000000000000        0x0 CMakeFiles/app.dir/main.c.o
 .bss           0x0000000000000000        0x0 CMakeFiles/app.dir/main.c.o

Memory Configuration

Name             Origin             Length             Attributes
ram              0x0000000000000000 0x0000000000100000 xrw
*default*        0x0000000000000000 0xffffffffffffffff

Linker script and memory map


.text           0x0000000000000000       0x38
                0x0000000000000000                _stext = ABSOLUTE (.)
 *(.vectors)
 .vectors       0x0000000000000000       0x30 CMakeFiles/app.dir/main.c.o
                0x0000000000000000                _this_module
 *(.text .text.*)
 .text.test_init
                0x0000000000000030        0x4 CMakeFiles/app.dir/main.c.o
 .text.test_exit
                0x0000000000000034        0x4 CMakeFiles/app.dir/main.c.o
 *(.fixup)
 *(.gnu.warning)
 *(.rodata .rodata.*)
 *(.gnu.linkonce.t.*)
 *(.glue_7)
 .glue_7        0x0000000000000038        0x0 linker stubs
 *(.glue_7t)
 .glue_7t       0x0000000000000038        0x0 linker stubs
 *(.got)
 *(.gcc_except_table)
 *(.gnu.linkonce.r.*)
                0x0000000000000038                _etext = ABSOLUTE (.)

.vfp11_veneer   0x0000000000000038        0x0
 .vfp11_veneer  0x0000000000000038        0x0 linker stubs

.v4_bx          0x0000000000000038        0x0
 .v4_bx         0x0000000000000038        0x0 linker stubs

.iplt           0x0000000000000038        0x0
 .iplt          0x0000000000000038        0x0 CMakeFiles/app.dir/main.c.o

.rel.dyn        0x0000000000000038        0x0
 .rel.iplt      0x0000000000000038        0x0 CMakeFiles/app.dir/main.c.o

.init_section   0x0000000000000038        0x0
                0x0000000000000038                _sinit = ABSOLUTE (.)
 *(SORT_BY_INIT_PRIORITY(.init_array.*) SORT_BY_INIT_PRIORITY(.ctors.*))
 *(.init_array EXCLUDE_FILE(*crtend?.o *crtend.o *crtbegin?.o *crtbegin.o) .ctors)
                0x0000000000000038                _einit = ABSOLUTE (.)

.ARM.extab
 *(.ARM.extab*)
                0x0000000000000038                __exidx_start = ABSOLUTE (.)

.ARM.exidx
 *(.ARM.exidx*)
                0x0000000000000038                __exidx_end = ABSOLUTE (.)

.tdata          0x0000000000000038        0x0
                0x0000000000000038                _stdata = ABSOLUTE (.)
 *(.tdata .tdata.* .gnu.linkonce.td.*)
                0x0000000000000038                _etdata = ABSOLUTE (.)

.tbss           0x0000000000000038        0x0
                0x0000000000000038                _stbss = ABSOLUTE (.)
 *(.tbss .tbss.* .gnu.linkonce.tb.* .tcommon)
                0x0000000000000038                _etbss = ABSOLUTE (.)
                0x0000000000000038                _eronly = ABSOLUTE (.)

.data           0x0000000000000038        0x0
                0x0000000000000038                _sdata = ABSOLUTE (.)
 *(.data .data.*)
 *(.gnu.linkonce.d.*)
                0x0000000000000038                . = ALIGN (0x4)
                0x0000000000000038                _edata = ABSOLUTE (.)

.igot.plt       0x0000000000000038        0x0
 .igot.plt      0x0000000000000038        0x0 CMakeFiles/app.dir/main.c.o

.bss            0x0000000000000038        0x0
                0x0000000000000038                _sbss = ABSOLUTE (.)
 *(.bss .bss.*)
 *(.gnu.linkonce.b.*)
 *(COMMON)
                0x0000000000000038                . = ALIGN (0x4)
                0x0000000000000038                _ebss = ABSOLUTE (.)
                0x0000000000000038                _stext_size = (_etext - _stext)
                0x0000000000000000                _sdata_size = (_edata - _sdata)
                0x0000000000000000                _sbss_size = (_ebss - _sbss)
                0x0000000000000038                _module_end = ABSOLUTE (.)

.stab
 *(.stab)

.stabstr
 *(.stabstr)

.stab.excl
 *(.stab.excl)

.stab.exclstr
 *(.stab.exclstr)

.stab.index
 *(.stab.index)

.stab.indexstr
 *(.stab.indexstr)

.comment        0x0000000000000000       0x49
 *(.comment)
 .comment       0x0000000000000000       0x49 CMakeFiles/app.dir/main.c.o
                                         0x4a (size before relaxing)

.ARM.attributes
                0x0000000000000000       0x32
 .ARM.attributes
                0x0000000000000000       0x32 CMakeFiles/app.dir/main.c.o

.debug_abbrev
 *(.debug_abbrev)

.debug_info
 *(.debug_info)

.debug_line
 *(.debug_line)

.debug_pubnames
 *(.debug_pubnames)

.debug_aranges
 *(.debug_aranges)
LOAD CMakeFiles/app.dir/main.c.o
START GROUP
LOAD /opt/gcc-arm-none-eabi-10.3-2021.10/bin/../lib/gcc/arm-none-eabi/10.3.1/thumb/v7e-m+dp/hard/libgcc.a
LOAD /opt/gcc-arm-none-eabi-10.3-2021.10/bin/../lib/gcc/arm-none-eabi/10.3.1/../../../../arm-none-eabi/lib/thumb/v7e-m+dp/hard/libc.a
END GROUP
START GROUP
LOAD /opt/gcc-arm-none-eabi-10.3-2021.10/bin/../lib/gcc/arm-none-eabi/10.3.1/thumb/v7e-m+dp/hard/libgcc.a
LOAD /opt/gcc-arm-none-eabi-10.3-2021.10/bin/../lib/gcc/arm-none-eabi/10.3.1/../../../../arm-none-eabi/lib/thumb/v7e-m+dp/hard/libc.a
LOAD /opt/gcc-arm-none-eabi-10.3-2021.10/bin/../lib/gcc/arm-none-eabi/10.3.1/../../../../arm-none-eabi/lib/thumb/v7e-m+dp/hard/libnosys.a
END GROUP
OUTPUT(app elf32-littlearm)
LOAD linker stubs
